Report time       : Sat Apr 10 15:00:23 IST 2021.
Solution          : solution2_Kintex.
Simulation tool   : xsim.

+----------+----------+-----------------------------------------------+-----------------------------------------------+
|          |          |                    Latency                    |                    Interval                   |
+   RTL    +  Status  +-----------------------------------------------+-----------------------------------------------+
|          |          |      min      |      avg      |      max      |      min      |      avg      |      max      |
+----------+----------+-----------------------------------------------+-----------------------------------------------+
|      VHDL|        NA|             NA|             NA|             NA|             NA|             NA|             NA|
|   Verilog|      Pass|           1282|           1890|           2885|           1283|           1642|           2096|
+----------+----------+-----------------------------------------------+-----------------------------------------------+
